../Core/Src/lcd_i2c.c:10:26:lcd_i2c_write	24	static
../Core/Src/lcd_i2c.c:14:13:lcd_pulse_enable	16	static
../Core/Src/lcd_i2c.c:21:13:lcd_write4	24	static
../Core/Src/lcd_i2c.c:31:6:lcd_send_cmd	16	static
../Core/Src/lcd_i2c.c:37:6:lcd_send_data	16	static
../Core/Src/lcd_i2c.c:42:6:lcd_backlight_on	8	static
../Core/Src/lcd_i2c.c:47:6:lcd_backlight_off	8	static
../Core/Src/lcd_i2c.c:52:6:lcd_clear	8	static
../Core/Src/lcd_i2c.c:57:6:lcd_put_cur	24	static
../Core/Src/lcd_i2c.c:62:6:lcd_send_string	16	static
../Core/Src/lcd_i2c.c:67:6:lcd_init	16	static
../Core/Src/lcd_i2c.c:85:6:lcd_self_test	8	static
