../Core/Inc/lora_protocol.h:194:20:LoRa_DID_IsValid	16	static
../Core/Src/lora.c:55:13:uart_print_now	16	static
../Core/Src/lora.c:71:13:log_defer	16	static
../Core/Src/lora.c:82:13:log_flush	16	static
../Core/Src/lora.c:175:6:LoRa_WriteReg	24	static
../Core/Src/lora.c:183:9:LoRa_ReadReg	32	static
../Core/Src/lora.c:193:13:LoRa_WriteBuffer	24	static
../Core/Src/lora.c:202:13:LoRa_ReadBuffer	24	static
../Core/Src/lora.c:215:13:LoRa_Reset	8	static
../Core/Src/lora.c:227:13:LoRa_EnterRxContinuous	16	static
../Core/Src/lora.c:245:16:LoRa_PollPacket	24	static
../Core/Src/lora.c:284:13:LoRa_FastReply	24	static
../Core/Src/lora.c:312:13:send_ack	48	static
../Core/Src/lora.c:319:13:send_pong	56	static
../Core/Src/lora.c:326:13:send_reject	48	static
../Core/Src/lora.c:333:13:send_sync_req	40	static
../Core/Src/lora.c:341:13:LoRa_GetStateString	4	static
../Core/Src/lora.c:353:18:LoRa_GetState	4	static
../Core/Src/lora.c:355:13:set_state	16	static
../Core/Src/lora.c:364:13:already_in_list	24	static
../Core/Src/lora.c:372:13:should_allow	16	static
../Core/Src/lora.c:379:6:LoRa_ClearDiscoveredDevices	8	static
../Core/Src/lora.c:385:13:discovery_add_or_update	24	static
../Core/Src/lora.c:412:9:LoRa_GetDiscoveredCount	4	static
../Core/Src/lora.c:414:6:LoRa_GetDiscoveredDevice	16	static
../Core/Src/lora.c:422:13:pair_device	16	static
../Core/Src/lora.c:451:6:LoRa_PairDiscoveredDevice	24	static
../Core/Src/lora.c:469:6:LoRa_EnterPairingMode	8	static
../Core/Src/lora.c:491:6:LoRa_ExitPairingMode	8	static
../Core/Src/lora.c:499:10:LoRa_IsPairingMode	4	static
../Core/Src/lora.c:500:10:LoRa_IsPairingComplete	4	static
../Core/Src/lora.c:501:10:LoRa_GetLastPairedDID	4	static
../Core/Src/lora.c:504:10:LoRa_GetWirelessTankLevel	4	static
../Core/Src/lora.c:505:10:LoRa_GetWirelessWellDry	4	static
../Core/Src/lora.c:506:10:LoRa_GetLastSequence	4	static
../Core/Src/lora.c:507:10:LoRa_GetPacketsLost	4	static
../Core/Src/lora.c:509:6:LoRa_IsWirelessDataValid	8	static
../Core/Src/lora.c:537:6:LoRa_OnPairingListChanged	8	static
../Core/Src/lora.c:561:13:validate_sequence	24	static
../Core/Src/lora.c:601:13:accept_data	16	static
../Core/Src/lora.c:626:6:LoRa_Init	224	static
../Core/Src/lora.c:808:6:LoRa_ClearWirelessData	8	static
../Core/Src/lora.c:821:13:handle_stale_periodics	16	static
../Core/Src/lora.c:834:13:maybe_print_stats	224	static
../Core/Src/lora.c:855:6:LoRa_Task	184	static
