../Core/Src/main.c:125:6:Debug_Print	1
../Core/Src/main.c:127:6:UART_PrintLn	1
../Core/Src/main.c:133:6:HAL_ADC_ConvHalfCpltCallback	1
../Core/Src/main.c:139:20:mode_name	3
../Core/Src/main.c:152:5:main	18
../Core/Src/main.c:379:6:SystemClock_Config	4
../Core/Src/main.c:411:13:MX_GPIO_Init	1
../Core/Src/main.c:495:13:MX_ADC1_Init	4
../Core/Src/main.c:524:13:MX_I2C2_Init	2
../Core/Src/main.c:541:13:MX_SPI1_Init	2
../Core/Src/main.c:561:13:MX_TIM3_Init	4
../Core/Src/main.c:585:13:MX_USART1_UART_Init	2
../Core/Src/main.c:601:6:Error_Handler	1
