../Core/Src/model_handle.c:44:17:Timer_CRC16	24	static
../Core/Src/model_handle.c:311:13:ensure_dry_run_defaults_if_enabled	16	static
../Core/Src/model_handle.c:345:20:dry_protection_enabled	4	static
../Core/Src/model_handle.c:358:10:ModelHandle_GetGapTime	4	static
../Core/Src/model_handle.c:359:10:ModelHandle_GetRetryCount	4	static
../Core/Src/model_handle.c:360:10:ModelHandle_GetUnderVolt	4	static
../Core/Src/model_handle.c:361:10:ModelHandle_GetOverVolt	4	static
../Core/Src/model_handle.c:362:10:ModelHandle_GetOverloadLimit	4	static
../Core/Src/model_handle.c:363:10:ModelHandle_GetUnderloadLimit	4	static
../Core/Src/model_handle.c:364:10:ModelHandle_GetMaxRunTime	4	static
../Core/Src/model_handle.c:365:10:ModelHandle_GetDryRunRetryGap	4	static
../Core/Src/model_handle.c:367:6:EEPROM_WriteBlockSafe	40	static
../Core/Src/model_handle.c:382:17:SYS_CRC16	24	static
../Core/Src/model_handle.c:395:6:ModelHandle_SaveSettingsToEEPROM	32	static
../Core/Src/model_handle.c:413:6:ModelHandle_LoadSettingsFromEEPROM	32	static
../Core/Src/model_handle.c:444:6:ModelHandle_SaveModeState	8	static
../Core/Src/model_handle.c:457:13:backup_current_mode	4	static
../Core/Src/model_handle.c:466:13:restore_previous_mode	8	static
../Core/Src/model_handle.c:494:6:ModelHandle_StopRestart	8	static
../Core/Src/model_handle.c:503:6:ModelHandle_LoadModeState	16	static
../Core/Src/model_handle.c:534:6:ModelHandle_SaveTimerToEEPROM	56	static
../Core/Src/model_handle.c:545:6:ModelHandle_LoadTimerFromEEPROM	56	static
../Core/Src/model_handle.c:555:6:Timer_EEPROM_EnsureValid	48	static
../Core/Src/model_handle.c:567:6:ModelHandle_SendTimerInfoUART	192	static
../Core/Src/model_handle.c:584:16:read_raw_tank_level	16	static
../Core/Src/model_handle.c:594:16:get_tank_level_percent	16	static
../Core/Src/model_handle.c:616:13:isTankFull	8	static
../Core/Src/model_handle.c:621:6:ModelHandle_StartRestart	8	static
../Core/Src/model_handle.c:640:6:ModelHandle_TimerRecalculateNow	8	static
../Core/Src/model_handle.c:646:6:ModelHandle_ProcessDryRun	8	static
../Core/Src/model_handle.c:651:9:ModelHandle_GetPowerRestoreMode	4	static
../Core/Src/model_handle.c:653:6:ModelHandle_SetPowerRestoreMode	16	static
../Core/Src/model_handle.c:660:6:ModelHandle_SetDryRunTime	16	static
../Core/Src/model_handle.c:668:6:ModelHandle_ToggleManual	8	static
../Core/Src/model_handle.c:706:6:ModelHandle_ManualToggleMotor	8	static
../Core/Src/model_handle.c:713:6:ModelHandle_SetDryRunAndRetry	16	static
../Core/Src/model_handle.c:722:6:ModelHandle_Button3_SinglePress	8	static
../Core/Src/model_handle.c:746:6:ModelHandle_StopAllModesAndMotor	8	static
../Core/Src/model_handle.c:754:6:ModelHandle_FactoryReset	8	static
../Core/Src/model_handle.c:774:6:ModelHandle_StartTimerNearestSlot	8	static
../Core/Src/model_handle.c:787:20:Buzzer_SetPin	16	static
../Core/Src/model_handle.c:793:13:Buzzer_StartEvent	16	static
../Core/Src/model_handle.c:803:13:Buzzer_TankEmptyPattern	16	static
../Core/Src/model_handle.c:810:13:Buzzer_TankFullPattern	16	static
../Core/Src/model_handle.c:817:13:Buzzer_Update	16	static
../Core/Src/model_handle.c:879:24:now_ms	8	static
../Core/Src/model_handle.c:881:6:ModelHandle_SetProtectionSettings	16	static
../Core/Src/model_handle.c:895:20:clear_all_modes	4	static
../Core/Src/model_handle.c:907:6:ModelHandle_OnPowerUp	16	static
../Core/Src/model_handle.c:942:20:Motor_IsRelayOn	8	static
../Core/Src/model_handle.c:947:13:Motor_StartAllowed	4	static
../Core/Src/model_handle.c:952:6:ModelHandle_IsRestartActive	4	static
../Core/Src/model_handle.c:954:20:motor_apply	24	static
../Core/Src/model_handle.c:976:6:Motor_GetStatus	8	static
../Core/Src/model_handle.c:978:20:start_motor	8	static
../Core/Src/model_handle.c:986:20:stop_motor	8	static
../Core/Src/model_handle.c:988:13:check_max_run	16	static
../Core/Src/model_handle.c:1003:6:ModelHandle_Button4_SinglePress	16	static
../Core/Src/model_handle.c:1025:6:ModelHandle_CheckDryRun	24	static
../Core/Src/model_handle.c:1033:6:ModelHandle_CheckGroundWater	32	static
../Core/Src/model_handle.c:1059:20:isAnyModeActive	4	static
../Core/Src/model_handle.c:1065:6:ModelHandle_SoftDryRunHandler	24	static
../Core/Src/model_handle.c:1127:24:get_load_lock_duration_ms	4	static
../Core/Src/model_handle.c:1133:6:ModelHandle_CheckLoadFault	32	static
../Core/Src/model_handle.c:1187:16:get_today_mask	16	static
../Core/Src/model_handle.c:1194:13:slot_is_active_now	32	static
../Core/Src/model_handle.c:1206:13:timer_any_active_slot	16	static
../Core/Src/model_handle.c:1213:17:get_active_timer_gap_minutes	32	static
../Core/Src/model_handle.c:1230:6:ModelHandle_SaveBuzzerSettings	16	static
../Core/Src/model_handle.c:1242:6:ModelHandle_LoadBuzzerSettings	24	static
../Core/Src/model_handle.c:1262:6:ModelHandle_ProcessTimerSlots	24	static
../Core/Src/model_handle.c:1359:6:ModelHandle_StartTimer	8	static
../Core/Src/model_handle.c:1365:6:ModelHandle_StopTimer	8	static
../Core/Src/model_handle.c:1377:6:ModelHandle_CheckAutoTimerActivation	8	static
../Core/Src/model_handle.c:1391:6:ModelHandle_StartSemiAuto	8	static
../Core/Src/model_handle.c:1407:6:ModelHandle_StopSemiAuto	8	static
../Core/Src/model_handle.c:1416:6:ModelHandle_StartAuto	16	static
../Core/Src/model_handle.c:1462:6:ModelHandle_StopAuto	8	static
../Core/Src/model_handle.c:1480:6:ModelHandle_LoadAutoSettings	8	static
../Core/Src/model_handle.c:1494:13:auto_mode_background_control	16	static
../Core/Src/model_handle.c:1521:6:ModelHandle_SetBuzzerSettings	16	static
../Core/Src/model_handle.c:1529:13:auto_tick	24	static
../Core/Src/model_handle.c:1713:6:ModelHandle_StartCountdown	24	static
../Core/Src/model_handle.c:1735:6:ModelHandle_StopCountdown	8	static
../Core/Src/model_handle.c:1750:17:CD_CRC	24	static
../Core/Src/model_handle.c:1757:13:SaveCountdown	24	static
../Core/Src/model_handle.c:1772:6:ModelHandle_LoadCountdown	24	static
../Core/Src/model_handle.c:1788:6:ModelHandle_StartTwist	32	static
../Core/Src/model_handle.c:1811:6:ModelHandle_StopTwist	8	static
../Core/Src/model_handle.c:1820:13:twist_tick	16	static
../Core/Src/model_handle.c:1836:13:leds_from_model	16	static
../Core/Src/model_handle.c:1860:13:timer_auto_transition	16	static
../Core/Src/model_handle.c:1908:6:ModelHandle_Process	24	static
../Core/Src/model_handle.c:2061:13:ModelHandle_GetDryState	4	static
../Core/Src/model_handle.c:2063:6:ModelHandle_ResetAll	8	static
../Core/Src/model_handle.c:2077:6:ModelHandle_SetUserSettings	152	static
../Core/Src/model_handle.c:2111:6:ModelHandle_SetAutoSettings	16	static
../Core/Src/model_handle.c:2121:6:ModelHandle_IsAutoActive	4	static
../Core/Src/model_handle.c:2123:6:ModelHandle_SaveCurrentStateToEEPROM	24	static
../Core/Src/model_handle.c:2136:6:ModelHandle_SetTimerSlot	24	static
../Core/Src/model_handle.c:2148:6:ModelHandle_SetDryRun	16	static
../Core/Src/model_handle.c:2155:6:ModelHandle_GetDryRunEnable	8	static
../Core/Src/model_handle.c:2157:6:ModelHandle_SetOverLoad	16	static
../Core/Src/model_handle.c:2163:6:ModelHandle_SetOverUnderVolt	16	static
../Core/Src/model_handle.c:2173:6:ModelHandle_ClearMaxRunFlag	4	static
../Core/Src/model_handle.c:2175:18:ModelHandle_GetTimerSlots	4	static
../Core/Src/model_handle.c:2177:6:ModelHandle_ProcessUartCommand	16	static
../Core/Src/model_handle.c:2179:6:ModelHandle_IsOverload	4	static
../Core/Src/model_handle.c:2180:6:ModelHandle_IsUnderload	4	static
../Core/Src/model_handle.c:2181:6:ModelHandle_IsDryRunActive	4	static
../Core/Src/model_handle.c:2182:6:ModelHandle_IsVoltageFault	4	static
../Core/Src/model_handle.c:2183:6:ModelHandle_IsMaxRunReached	4	static
../Core/Src/model_handle.c:2184:9:ModelHandle_GetTankLevelPercent	8	static
../Core/Src/model_handle.c:2185:6:ModelHandle_IsTankFull	8	static
../Core/Src/model_handle.c:2186:6:ModelHandle_IsManualActive	4	static
../Core/Src/model_handle.c:2187:10:ModelHandle_GetAutoGap	4	static
../Core/Src/model_handle.c:2188:10:ModelHandle_GetAutoMaxRun	4	static
../Core/Src/model_handle.c:2189:10:ModelHandle_GetAutoRetry	4	static
