../Core/Src/rf.c:106:13:uart_ln	16	static
../Core/Src/rf.c:146:9:RF_CRC8	24	static
../Core/Src/rf.c:161:23:rf_pin	8	static
../Core/Src/rf.c:168:24:tim_start	4	static
../Core/Src/rf.c:169:24:tim_now	4	static
../Core/Src/rf.c:178:15:read_bit	32	static
../Core/Src/rf.c:218:13:read_byte	24	static
../Core/Src/rf.c:251:13:hunt_preamble_then_sync	32	static
../Core/Src/rf.c:341:13:try_receive_frame	304	static
../Core/Src/rf.c:479:6:RF_IsWirelessDataValid	8	static
../Core/Src/rf.c:491:15:RF_GetWirelessTankLevel	4	static
../Core/Src/rf.c:492:15:RF_GetWirelessWellDry	4	static
../Core/Src/rf.c:493:15:RF_HasReceivedPacket	4	static
../Core/Src/rf.c:494:15:RF_GetLastRawPacket	4	static
../Core/Src/rf.c:495:15:RF_GetLastPacketDID	4	static
../Core/Src/rf.c:496:15:RF_GetLastPacketSeq	4	static
../Core/Src/rf.c:497:15:RF_GetLastPacketType	4	static
../Core/Src/rf.c:498:15:RF_GetLastPacketCrcRx	4	static
../Core/Src/rf.c:499:15:RF_GetLastPacketCrcCalc	4	static
../Core/Src/rf.c:500:15:RF_GetRxPacketCount	4	static
../Core/Src/rf.c:501:15:RF_GetRxErrorCount	4	static
../Core/Src/rf.c:504:15:RF_GetRxFrameCount	4	static
../Core/Src/rf.c:505:15:RF_GetLastRejectRaw	4	static
../Core/Src/rf.c:507:10:RF_GetLastPacketAgeMs	8	static
../Core/Src/rf.c:513:6:RF_ClearWirelessData	4	static
../Core/Src/rf.c:535:6:RF_Init	8	static
../Core/Src/rf.c:565:6:RF_Task	16	static
