../Core/Src/screen.c:211:20:clear_sticky_mode_flags	4	static
../Core/Src/screen.c:217:20:sticky_set_manual_off	4	static
../Core/Src/screen.c:225:20:sticky_set_auto_off	4	static
../Core/Src/screen.c:233:20:clear_all_dash_sticky_flags	8	static
../Core/Src/screen.c:240:20:sticky_set_countdown	4	static
../Core/Src/screen.c:246:20:sticky_set_semi	4	static
../Core/Src/screen.c:254:6:Screen_Init	8	static
../Core/Src/screen.c:261:20:refreshInactivityTimer	8	static
../Core/Src/screen.c:263:20:lcd_line	40	static
../Core/Src/screen.c:268:20:lcd_line0	16	static
../Core/Src/screen.c:269:20:lcd_line1	16	static
../Core/Src/screen.c:274:13:show_welcome	8	static
../Core/Src/screen.c:276:13:show_dash	104	static
../Core/Src/screen.c:378:13:draw_menu_cursor	16	static
../Core/Src/screen.c:387:13:show_menu	48	static
../Core/Src/screen.c:400:13:show_devset_menu	80	static
../Core/Src/screen.c:433:13:show_timer_slot_select	64	static
../Core/Src/screen.c:448:13:show_edit_on_time	4	static
../Core/Src/screen.c:449:13:show_edit_off_time	4	static
../Core/Src/screen.c:455:13:show_timer_days	40	static
../Core/Src/screen.c:466:13:show_timer_gap	40	static
../Core/Src/screen.c:472:13:show_timer_enable	32	static
../Core/Src/screen.c:477:13:show_timer_summary	32	static
../Core/Src/screen.c:482:13:show_auto_menu	8	static
../Core/Src/screen.c:483:13:show_auto_gap	32	static
../Core/Src/screen.c:484:13:show_auto_maxrun	32	static
../Core/Src/screen.c:485:13:show_auto_retry	32	static
../Core/Src/screen.c:486:13:show_semi_auto	8	static
../Core/Src/screen.c:488:6:ModelHandle_1SecondTask	4	static
../Core/Src/screen.c:494:13:show_twist	40	static
../Core/Src/screen.c:503:13:show_countdown	80	static
../Core/Src/screen.c:519:13:show_countdown_edit_min	32	static
../Core/Src/screen.c:521:13:show_settings_gap	32	static
../Core/Src/screen.c:528:13:show_settings_retry	32	static
../Core/Src/screen.c:535:13:show_settings_uv	32	static
../Core/Src/screen.c:542:13:show_settings_ov	32	static
../Core/Src/screen.c:549:13:show_settings_ol	32	static
../Core/Src/screen.c:556:13:show_settings_ul	32	static
../Core/Src/screen.c:563:13:show_settings_maxrun	32	static
../Core/Src/screen.c:570:13:show_settings_pwrrest	8	static
../Core/Src/screen.c:576:13:show_settings_factory	8	static
../Core/Src/screen.c:581:13:show_devset_edit_date	40	static
../Core/Src/screen.c:589:13:show_devset_edit_time	40	static
../Core/Src/screen.c:596:13:show_devset_edit_day	32	static
../Core/Src/screen.c:603:13:show_add_device_menu	8	static
../Core/Src/screen.c:609:13:show_add_device_pair	80	static
../Core/Src/screen.c:678:13:show_add_device_remove	80	static
../Core/Src/screen.c:691:13:show_add_device_pair_done	24	static
../Core/Src/screen.c:698:13:show_add_device_remove_done	32	static
../Core/Src/screen.c:705:13:show_reset_confirm	8	static
../Core/Src/screen.c:714:13:apply_settings_core	48	static
../Core/Src/screen.c:728:13:start_settings_edit_flow	16	static
../Core/Src/screen.c:768:13:goto_menu_top	4	static
../Core/Src/screen.c:773:13:menu_select	40	static
../Core/Src/screen.c:868:6:increase_edit_value	16	static
../Core/Src/screen.c:922:6:decrease_edit_value	16	static
../Core/Src/screen.c:966:17:decode_button_press	24	static
../Core/Src/screen.c:1003:6:Screen_HandleSwitches	32	static
../Core/Src/screen.c:1532:6:Screen_Update	16	static
